{"event": "gpu_memory", "pid": 1146818, "device": "cuda", "host_available_bytes": 121357783040, "root": "/mnt/hdd2/yanbocheng/photo-goal-native", "device_total_bytes": 25227100160, "device_used_bytes": 9774301184, "device_free_bytes": 15452798976, "gpu_fraction_ceiling": 1.0, "requested_growth_bytes": 0, "process_allocated_bytes": 0, "process_reserved_bytes": 0, "process_peak_allocated_bytes": 0, "allowance_exceeded": false}
/mnt/hdd2/yanbocheng/photo-goal-native/env/lib/python3.10/site-packages/torch/nn/modules/transformer.py:382: UserWarning: enable_nested_tensor is True, but self.use_nested_tensor is False because encoder_layer.norm_first was True
  warnings.warn(
{"event": "gpu_memory", "pid": 1146818, "device": "cuda", "host_available_bytes": 116469506048, "root": "/mnt/hdd2/yanbocheng/photo-goal-native", "device_total_bytes": 25227100160, "device_used_bytes": 14450688000, "device_free_bytes": 10776412160, "gpu_fraction_ceiling": 1.0, "requested_growth_bytes": 0, "process_allocated_bytes": 189998080, "process_reserved_bytes": 301989888, "process_peak_allocated_bytes": 246372352, "allowance_exceeded": false}
{"event": "gpu_memory", "pid": 1146818, "device": "cuda", "host_available_bytes": 117005557760, "root": "/mnt/hdd2/yanbocheng/photo-goal-native", "device_total_bytes": 25227100160, "device_used_bytes": 14772273152, "device_free_bytes": 10454827008, "gpu_fraction_ceiling": 1.0, "requested_growth_bytes": 0, "process_allocated_bytes": 203610112, "process_reserved_bytes": 301989888, "process_peak_allocated_bytes": 256403456, "allowance_exceeded": false}
{"event": "gpu_memory", "pid": 1146818, "device": "cuda", "host_available_bytes": 117061734400, "root": "/mnt/hdd2/yanbocheng/photo-goal-native", "device_total_bytes": 25227100160, "device_used_bytes": 15076360192, "device_free_bytes": 10150739968, "gpu_fraction_ceiling": 1.0, "requested_growth_bytes": 0, "process_allocated_bytes": 203872256, "process_reserved_bytes": 301989888, "process_peak_allocated_bytes": 256403456, "allowance_exceeded": false}
{"event": "freshness_cut", "attempt": "city-358d3a942e5f44e7", "rows": 1270, "cuts": 1, "cooldown_s": 0.2, "action": "brake_discard_reset_continue"}
{"event": "gpu_memory", "pid": 1146818, "device": "cuda", "host_available_bytes": 116906700800, "root": "/mnt/hdd2/yanbocheng/photo-goal-native", "device_total_bytes": 25227100160, "device_used_bytes": 15106179072, "device_free_bytes": 10120921088, "gpu_fraction_ceiling": 1.0, "requested_growth_bytes": 0, "process_allocated_bytes": 203610112, "process_reserved_bytes": 301989888, "process_peak_allocated_bytes": 256496640, "allowance_exceeded": false}
{"event": "freshness_cut", "attempt": "city-c9c1dc083cb64300", "rows": 1722, "cuts": 2, "cooldown_s": 0.2, "action": "brake_discard_reset_continue"}
{"event": "gpu_memory", "pid": 1146818, "device": "cuda", "host_available_bytes": 116582846464, "root": "/mnt/hdd2/yanbocheng/photo-goal-native", "device_total_bytes": 25227100160, "device_used_bytes": 14575599616, "device_free_bytes": 10651500544, "gpu_fraction_ceiling": 1.0, "requested_growth_bytes": 0, "process_allocated_bytes": 203993088, "process_reserved_bytes": 301989888, "process_peak_allocated_bytes": 256524288, "allowance_exceeded": false}
{"event": "gpu_memory", "pid": 1146818, "device": "cuda", "host_available_bytes": 116482023424, "root": "/mnt/hdd2/yanbocheng/photo-goal-native", "device_total_bytes": 25227100160, "device_used_bytes": 14896463872, "device_free_bytes": 10330636288, "gpu_fraction_ceiling": 1.0, "requested_growth_bytes": 0, "process_allocated_bytes": 203993088, "process_reserved_bytes": 301989888, "process_peak_allocated_bytes": 256524288, "allowance_exceeded": false}
{"event": "gpu_memory", "pid": 1146818, "device": "cuda", "host_available_bytes": 116336525312, "root": "/mnt/hdd2/yanbocheng/photo-goal-native", "device_total_bytes": 25227100160, "device_used_bytes": 14575599616, "device_free_bytes": 10651500544, "gpu_fraction_ceiling": 1.0, "requested_growth_bytes": 0, "process_allocated_bytes": 203993088, "process_reserved_bytes": 301989888, "process_peak_allocated_bytes": 256524288, "allowance_exceeded": false}
{"event": "gpu_memory", "pid": 1146818, "device": "cuda", "host_available_bytes": 116249612288, "root": "/mnt/hdd2/yanbocheng/photo-goal-native", "device_total_bytes": 25227100160, "device_used_bytes": 14896463872, "device_free_bytes": 10330636288, "gpu_fraction_ceiling": 1.0, "requested_growth_bytes": 0, "process_allocated_bytes": 203489280, "process_reserved_bytes": 301989888, "process_peak_allocated_bytes": 256524288, "allowance_exceeded": false}
{"event": "gpu_memory", "pid": 1146818, "device": "cuda", "host_available_bytes": 116023103488, "root": "/mnt/hdd2/yanbocheng/photo-goal-native", "device_total_bytes": 25227100160, "device_used_bytes": 15047458816, "device_free_bytes": 10179641344, "gpu_fraction_ceiling": 1.0, "requested_growth_bytes": 0, "process_allocated_bytes": 203489280, "process_reserved_bytes": 301989888, "process_peak_allocated_bytes": 256524288, "allowance_exceeded": false}
{"event": "freshness_cut", "attempt": "city-d0959d230bf441c3", "rows": 3085, "cuts": 3, "cooldown_s": 0.2, "action": "brake_discard_reset_continue"}
{"event": "gpu_memory", "pid": 1146818, "device": "cuda", "host_available_bytes": 115612270592, "root": "/mnt/hdd2/yanbocheng/photo-goal-native", "device_total_bytes": 25227100160, "device_used_bytes": 14576648192, "device_free_bytes": 10650451968, "gpu_fraction_ceiling": 1.0, "requested_growth_bytes": 0, "process_allocated_bytes": 203872256, "process_reserved_bytes": 301989888, "process_peak_allocated_bytes": 256524288, "allowance_exceeded": false}
{"event": "gpu_memory", "pid": 1146818, "device": "cuda", "host_available_bytes": 115643510784, "root": "/mnt/hdd2/yanbocheng/photo-goal-native", "device_total_bytes": 25227100160, "device_used_bytes": 14897512448, "device_free_bytes": 10329587712, "gpu_fraction_ceiling": 1.0, "requested_growth_bytes": 0, "process_allocated_bytes": 203610112, "process_reserved_bytes": 301989888, "process_peak_allocated_bytes": 256524288, "allowance_exceeded": false}
{"event": "gpu_memory", "pid": 1146818, "device": "cuda", "host_available_bytes": 115408674816, "root": "/mnt/hdd2/yanbocheng/photo-goal-native", "device_total_bytes": 25227100160, "device_used_bytes": 15121907712, "device_free_bytes": 10105192448, "gpu_fraction_ceiling": 1.0, "requested_growth_bytes": 0, "process_allocated_bytes": 203872256, "process_reserved_bytes": 301989888, "process_peak_allocated_bytes": 256524288, "allowance_exceeded": false}
{"event": "gpu_memory", "pid": 1146818, "device": "cuda", "host_available_bytes": 115136462848, "root": "/mnt/hdd2/yanbocheng/photo-goal-native", "device_total_bytes": 25227100160, "device_used_bytes": 15048507392, "device_free_bytes": 10178592768, "gpu_fraction_ceiling": 1.0, "requested_growth_bytes": 0, "process_allocated_bytes": 203872256, "process_reserved_bytes": 301989888, "process_peak_allocated_bytes": 256524288, "allowance_exceeded": false}
{"event": "gpu_memory", "pid": 1146818, "device": "cuda", "host_available_bytes": 114778959872, "root": "/mnt/hdd2/yanbocheng/photo-goal-native", "device_total_bytes": 25227100160, "device_used_bytes": 15053750272, "device_free_bytes": 10173349888, "gpu_fraction_ceiling": 1.0, "requested_growth_bytes": 0, "process_allocated_bytes": 203872256, "process_reserved_bytes": 301989888, "process_peak_allocated_bytes": 256524288, "allowance_exceeded": false}
{"event": "gpu_memory", "pid": 1146818, "device": "cuda", "host_available_bytes": 114532257792, "root": "/mnt/hdd2/yanbocheng/photo-goal-native", "device_total_bytes": 25227100160, "device_used_bytes": 15053750272, "device_free_bytes": 10173349888, "gpu_fraction_ceiling": 1.0, "requested_growth_bytes": 0, "process_allocated_bytes": 203872256, "process_reserved_bytes": 301989888, "process_peak_allocated_bytes": 256524288, "allowance_exceeded": false}
{"event": "freshness_cut", "attempt": "city-bdf57af0c4ca4da3", "rows": 6247, "cuts": 4, "cooldown_s": 0.2, "action": "brake_discard_reset_continue"}
{"event": "gpu_memory", "pid": 1146818, "device": "cuda", "host_available_bytes": 114200883200, "root": "/mnt/hdd2/yanbocheng/photo-goal-native", "device_total_bytes": 25227100160, "device_used_bytes": 14950989824, "device_free_bytes": 10276110336, "gpu_fraction_ceiling": 1.0, "requested_growth_bytes": 0, "process_allocated_bytes": 203872256, "process_reserved_bytes": 301989888, "process_peak_allocated_bytes": 256524288, "allowance_exceeded": false}
{"event": "gpu_memory", "pid": 1146818, "device": "cuda", "host_available_bytes": 113934049280, "root": "/mnt/hdd2/yanbocheng/photo-goal-native", "device_total_bytes": 25227100160, "device_used_bytes": 15112470528, "device_free_bytes": 10114629632, "gpu_fraction_ceiling": 1.0, "requested_growth_bytes": 0, "process_allocated_bytes": 203610112, "process_reserved_bytes": 301989888, "process_peak_allocated_bytes": 256524288, "allowance_exceeded": false}
{"event": "gpu_memory", "pid": 1146818, "device": "cuda", "host_available_bytes": 113651892224, "root": "/mnt/hdd2/yanbocheng/photo-goal-native", "device_total_bytes": 25227100160, "device_used_bytes": 15116664832, "device_free_bytes": 10110435328, "gpu_fraction_ceiling": 1.0, "requested_growth_bytes": 0, "process_allocated_bytes": 203993088, "process_reserved_bytes": 301989888, "process_peak_allocated_bytes": 256524288, "allowance_exceeded": false}
{"event": "freshness_cut", "attempt": "city-98303cf028da4103", "rows": 7724, "cuts": 5, "cooldown_s": 0.2, "action": "brake_discard_reset_continue"}
{"event": "gpu_memory", "pid": 1146818, "device": "cuda", "host_available_bytes": 113325043712, "root": "/mnt/hdd2/yanbocheng/photo-goal-native", "device_total_bytes": 25227100160, "device_used_bytes": 14943649792, "device_free_bytes": 10283450368, "gpu_fraction_ceiling": 1.0, "requested_growth_bytes": 0, "process_allocated_bytes": 203872256, "process_reserved_bytes": 301989888, "process_peak_allocated_bytes": 256524288, "allowance_exceeded": false}
{"event": "freshness_cut", "attempt": "city-491f54f360b34b36", "rows": 8192, "cuts": 6, "cooldown_s": 0.2, "action": "brake_discard_reset_continue"}
{"event": "gpu_memory", "pid": 1146818, "device": "cuda", "host_available_bytes": 103786364928, "root": "/mnt/hdd2/yanbocheng/photo-goal-native", "device_total_bytes": 25227100160, "device_used_bytes": 6810894336, "device_free_bytes": 18416205824, "gpu_fraction_ceiling": 1.0, "requested_growth_bytes": 0, "process_allocated_bytes": 203873792, "process_reserved_bytes": 455081984, "process_peak_allocated_bytes": 371404288, "allowance_exceeded": false}
{"event": "gpu_memory", "pid": 1146818, "device": "cuda", "host_available_bytes": 103563358208, "root": "/mnt/hdd2/yanbocheng/photo-goal-native", "device_total_bytes": 25227100160, "device_used_bytes": 7049969664, "device_free_bytes": 18177130496, "gpu_fraction_ceiling": 1.0, "requested_growth_bytes": 0, "process_allocated_bytes": 277507584, "process_reserved_bytes": 681574400, "process_peak_allocated_bytes": 600795648, "allowance_exceeded": false}
Traceback (most recent call last):
  File "/usr/lib/python3.10/runpy.py", line 196, in _run_module_as_main
    return _run_code(code, main_globals, None,
  File "/usr/lib/python3.10/runpy.py", line 86, in _run_code
    exec(code, run_globals)
  File "/mnt/hdd2/yanbocheng/photo-goal-native/runs/city-window-20261001T020106Z/source/photo_goal/__main__.py", line 128, in <module>
    if __name__=='__main__':main()
  File "/mnt/hdd2/yanbocheng/photo-goal-native/runs/city-window-20261001T020106Z/source/photo_goal/__main__.py", line 82, in main
    prepare(args) if args.command=='prepare-city' else run(args)
  File "/mnt/hdd2/yanbocheng/photo-goal-native/runs/city-window-20261001T020106Z/source/photo_goal/native_full_training.py", line 619, in run
    optimize_boundary()
  File "/mnt/hdd2/yanbocheng/photo-goal-native/runs/city-window-20261001T020106Z/source/photo_goal/native_full_training.py", line 418, in optimize_boundary
    report = optimize(actor, optimizer, rows,
  File "/mnt/hdd2/yanbocheng/photo-goal-native/runs/city-window-20261001T020106Z/source/photo_goal/mission_ppo.py", line 115, in optimize
    raise RuntimeError('City PPO update rejected; restoring accepted actor')
RuntimeError: City PPO update rejected; restoring accepted actor
