/upstream/splat/thirdparty/glorie_slam/motion_filter.py:48: FutureWarning: `torch.cuda.amp.autocast(args...)` is deprecated. Please use `torch.amp.autocast('cuda', args...)` instead.
  @torch.cuda.amp.autocast(enabled=True)
/upstream/splat/thirdparty/glorie_slam/motion_filter.py:54: FutureWarning: `torch.cuda.amp.autocast(args...)` is deprecated. Please use `torch.amp.autocast('cuda', args...)` instead.
  @torch.cuda.amp.autocast(enabled=True)
/upstream/splat/thirdparty/glorie_slam/motion_filter.py:59: FutureWarning: `torch.cuda.amp.autocast(args...)` is deprecated. Please use `torch.amp.autocast('cuda', args...)` instead.
  @torch.cuda.amp.autocast(enabled=True)
/upstream/splat/thirdparty/glorie_slam/factor_graph.py:109: FutureWarning: `torch.cuda.amp.autocast(args...)` is deprecated. Please use `torch.amp.autocast('cuda', args...)` instead.
  @torch.cuda.amp.autocast(enabled=True)
/upstream/splat/thirdparty/glorie_slam/factor_graph.py:159: FutureWarning: `torch.cuda.amp.autocast(args...)` is deprecated. Please use `torch.amp.autocast('cuda', args...)` instead.
  @torch.cuda.amp.autocast(enabled=True)
/upstream/splat/thirdparty/glorie_slam/factor_graph.py:187: FutureWarning: `torch.cuda.amp.autocast(args...)` is deprecated. Please use `torch.amp.autocast('cuda', args...)` instead.
  @torch.cuda.amp.autocast(enabled=True)
/upstream/splat/thirdparty/glorie_slam/factor_graph.py:226: FutureWarning: `torch.cuda.amp.autocast(args...)` is deprecated. Please use `torch.amp.autocast('cuda', args...)` instead.
  @torch.cuda.amp.autocast(enabled=True)
/upstream/splat/thirdparty/glorie_slam/factor_graph.py:273: FutureWarning: `torch.cuda.amp.autocast(args...)` is deprecated. Please use `torch.amp.autocast('cuda', args...)` instead.
  @torch.cuda.amp.autocast(enabled=False)
/usr/local/lib/python3.12/dist-packages/timm/models/layers/__init__.py:48: FutureWarning: Importing from timm.models.layers is deprecated, please import via timm.layers
  warnings.warn(f"Importing from {__name__} is deprecated, please import via timm.layers", FutureWarning)
/usr/local/lib/python3.12/dist-packages/timm/models/registry.py:4: FutureWarning: Importing from timm.models.registry is deprecated, please import via timm.models
  warnings.warn(f"Importing from {__name__} is deprecated, please import via timm.models", FutureWarning)
xFormers not available
xFormers not available
xFormers not available
xFormers not available
/upstream/splat/thirdparty/glorie_slam/factor_graph.py:145: FutureWarning: `torch.cuda.amp.autocast(args...)` is deprecated. Please use `torch.amp.autocast('cuda', args...)` instead.
  with torch.cuda.amp.autocast(enabled=False):
/upstream/splat/thirdparty/glorie_slam/factor_graph.py:232: FutureWarning: `torch.cuda.amp.autocast(args...)` is deprecated. Please use `torch.amp.autocast('cuda', args...)` instead.
  with torch.cuda.amp.autocast(enabled=False):
/upstream/splat/thirdparty/glorie_slam/factor_graph.py:246: FutureWarning: `torch.cuda.amp.autocast(args...)` is deprecated. Please use `torch.amp.autocast('cuda', args...)` instead.
  with torch.cuda.amp.autocast(enabled=False):
{"status": "mapping_snapshot_queued", "keyframe": 8, "latest_observation_ns": 1790269011028186880, "completed_memory_version": 0, "superseded_requests": 0}
{"status": "mapping_snapshot_queued", "keyframe": 9, "latest_observation_ns": 1790269014463260160, "completed_memory_version": 0, "superseded_requests": 0}
{"status": "mapping_snapshot_queued", "keyframe": 11, "latest_observation_ns": 1790269016893312000, "completed_memory_version": 2, "superseded_requests": 0}
{"status": "mapping_snapshot_queued", "keyframe": 12, "latest_observation_ns": 1790269019485367296, "completed_memory_version": 4, "superseded_requests": 0}
{"status": "mapping_snapshot_queued", "keyframe": 13, "latest_observation_ns": 1790269022476431104, "completed_memory_version": 5, "superseded_requests": 0}
{"status": "mapping_snapshot_queued", "keyframe": 14, "latest_observation_ns": 1790269025131487744, "completed_memory_version": 7, "superseded_requests": 0}
{"status": "mapping_snapshot_queued", "keyframe": 15, "latest_observation_ns": 1790269031656626944, "completed_memory_version": 9, "superseded_requests": 0}
{"status": "mapping_snapshot_queued", "keyframe": 16, "latest_observation_ns": 1790269036354727168, "completed_memory_version": 11, "superseded_requests": 0}
{"status": "mapping_snapshot_queued", "keyframe": 18, "latest_observation_ns": 1790269039279789568, "completed_memory_version": 12, "superseded_requests": 0}
{"status": "mapping_snapshot_queued", "keyframe": 20, "latest_observation_ns": 1790269096479009792, "completed_memory_version": 29, "superseded_requests": 0}
{"status": "mapping_snapshot_queued", "keyframe": 21, "latest_observation_ns": 1790269101522117376, "completed_memory_version": 30, "superseded_requests": 0}
{"status": "mapping_snapshot_queued", "keyframe": 94, "latest_observation_ns": 1790269157764317184, "completed_memory_version": 47, "superseded_requests": 0}
{"status": "mapping_snapshot_queued", "keyframe": 95, "latest_observation_ns": 1790269162789424384, "completed_memory_version": 48, "superseded_requests": 0}
{"status": "live_observed_stream_reconstructed", "frames": 190, "memory_versions": 54, "elapsed_wall_seconds": 181.1052250759676, "peak_allocated_bytes": 11189272576, "peak_reserved_bytes": 14807990272, "metric_scale_established": false, "metric_scale_usable_frames": 0, "metric_uncertainty_calibrated": false, "live_async_execution": true, "foundation_passed": false, "tracking_initialized_frames": 179, "sampling_skipped_frames": 0, "current_pose_method": "past_anchor_pose_only", "coordinate_gauge": "causal_common_camera_similarity; arbitrary_scale", "gauge_changes": 0, "tracking_optimizer": "DSPO", "gauge_rejected_frames": 0, "mapping_execution": "asynchronous_bounded_worker", "mapping_requests_superseded": 0}
