/upstream/splat/thirdparty/glorie_slam/motion_filter.py:48: FutureWarning: `torch.cuda.amp.autocast(args...)` is deprecated. Please use `torch.amp.autocast('cuda', args...)` instead.
  @torch.cuda.amp.autocast(enabled=True)
/upstream/splat/thirdparty/glorie_slam/motion_filter.py:54: FutureWarning: `torch.cuda.amp.autocast(args...)` is deprecated. Please use `torch.amp.autocast('cuda', args...)` instead.
  @torch.cuda.amp.autocast(enabled=True)
/upstream/splat/thirdparty/glorie_slam/motion_filter.py:59: FutureWarning: `torch.cuda.amp.autocast(args...)` is deprecated. Please use `torch.amp.autocast('cuda', args...)` instead.
  @torch.cuda.amp.autocast(enabled=True)
/upstream/splat/thirdparty/glorie_slam/factor_graph.py:109: FutureWarning: `torch.cuda.amp.autocast(args...)` is deprecated. Please use `torch.amp.autocast('cuda', args...)` instead.
  @torch.cuda.amp.autocast(enabled=True)
/upstream/splat/thirdparty/glorie_slam/factor_graph.py:159: FutureWarning: `torch.cuda.amp.autocast(args...)` is deprecated. Please use `torch.amp.autocast('cuda', args...)` instead.
  @torch.cuda.amp.autocast(enabled=True)
/upstream/splat/thirdparty/glorie_slam/factor_graph.py:187: FutureWarning: `torch.cuda.amp.autocast(args...)` is deprecated. Please use `torch.amp.autocast('cuda', args...)` instead.
  @torch.cuda.amp.autocast(enabled=True)
/upstream/splat/thirdparty/glorie_slam/factor_graph.py:226: FutureWarning: `torch.cuda.amp.autocast(args...)` is deprecated. Please use `torch.amp.autocast('cuda', args...)` instead.
  @torch.cuda.amp.autocast(enabled=True)
/upstream/splat/thirdparty/glorie_slam/factor_graph.py:273: FutureWarning: `torch.cuda.amp.autocast(args...)` is deprecated. Please use `torch.amp.autocast('cuda', args...)` instead.
  @torch.cuda.amp.autocast(enabled=False)
/usr/local/lib/python3.12/dist-packages/timm/models/layers/__init__.py:48: FutureWarning: Importing from timm.models.layers is deprecated, please import via timm.layers
  warnings.warn(f"Importing from {__name__} is deprecated, please import via timm.layers", FutureWarning)
/usr/local/lib/python3.12/dist-packages/timm/models/registry.py:4: FutureWarning: Importing from timm.models.registry is deprecated, please import via timm.models
  warnings.warn(f"Importing from {__name__} is deprecated, please import via timm.models", FutureWarning)
xFormers not available
xFormers not available
xFormers not available
xFormers not available
/upstream/splat/thirdparty/glorie_slam/factor_graph.py:145: FutureWarning: `torch.cuda.amp.autocast(args...)` is deprecated. Please use `torch.amp.autocast('cuda', args...)` instead.
  with torch.cuda.amp.autocast(enabled=False):
/upstream/splat/thirdparty/glorie_slam/factor_graph.py:232: FutureWarning: `torch.cuda.amp.autocast(args...)` is deprecated. Please use `torch.amp.autocast('cuda', args...)` instead.
  with torch.cuda.amp.autocast(enabled=False):
/upstream/splat/thirdparty/glorie_slam/factor_graph.py:246: FutureWarning: `torch.cuda.amp.autocast(args...)` is deprecated. Please use `torch.amp.autocast('cuda', args...)` instead.
  with torch.cuda.amp.autocast(enabled=False):
{"status": "mapping_snapshot_queued", "keyframe": 31, "latest_observation_ns": 1790287030994657792, "completed_memory_version": 0, "superseded_requests": 0}
{"status": "mapping_snapshot_queued", "keyframe": 38, "latest_observation_ns": 1790287036274770432, "completed_memory_version": 3, "superseded_requests": 0}
{"status": "mapping_snapshot_queued", "keyframe": 45, "latest_observation_ns": 1790287040738865664, "completed_memory_version": 10, "superseded_requests": 0}
{"status": "mapping_snapshot_queued", "keyframe": 47, "latest_observation_ns": 1790287044314941952, "completed_memory_version": 12, "superseded_requests": 0}
{"status": "mapping_snapshot_queued", "keyframe": 49, "latest_observation_ns": 1790287049676056320, "completed_memory_version": 15, "superseded_requests": 0}
{"status": "mapping_snapshot_queued", "keyframe": 50, "latest_observation_ns": 1790287054569160704, "completed_memory_version": 18, "superseded_requests": 0}
{"status": "mapping_snapshot_queued", "keyframe": 53, "latest_observation_ns": 1790287059633268736, "completed_memory_version": 20, "superseded_requests": 0}
{"status": "mapping_snapshot_queued", "keyframe": 56, "latest_observation_ns": 1790287064691376640, "completed_memory_version": 22, "superseded_requests": 0}
{"status": "mapping_snapshot_queued", "keyframe": 60, "latest_observation_ns": 1790287069617481728, "completed_memory_version": 24, "superseded_requests": 0}
{"status": "mapping_snapshot_queued", "keyframe": 63, "latest_observation_ns": 1790287075572608768, "completed_memory_version": 26, "superseded_requests": 0}
{"status": "mapping_snapshot_queued", "keyframe": 66, "latest_observation_ns": 1790287081803741696, "completed_memory_version": 27, "superseded_requests": 0}
{"status": "mapping_snapshot_queued", "keyframe": 71, "latest_observation_ns": 1790287087617865728, "completed_memory_version": 29, "superseded_requests": 0}
{"status": "mapping_snapshot_queued", "keyframe": 75, "latest_observation_ns": 1790287094746017792, "completed_memory_version": 31, "superseded_requests": 0}
/upstream/splat/thirdparty/glorie_slam/factor_graph.py:285: FutureWarning: `torch.cuda.amp.autocast(args...)` is deprecated. Please use `torch.amp.autocast('cuda', args...)` instead.
  with torch.cuda.amp.autocast(enabled=False):
/upstream/splat/thirdparty/glorie_slam/factor_graph.py:300: FutureWarning: `torch.cuda.amp.autocast(args...)` is deprecated. Please use `torch.amp.autocast('cuda', args...)` instead.
  with torch.cuda.amp.autocast(enabled=True):
{"status": "mapping_snapshot_queued", "keyframe": 79, "latest_observation_ns": 1790287099711123712, "completed_memory_version": 33, "superseded_requests": 0}
{"status": "mapping_snapshot_queued", "keyframe": 84, "latest_observation_ns": 1790287107199283456, "completed_memory_version": 35, "superseded_requests": 0}
{"status": "mapping_snapshot_queued", "keyframe": 86, "latest_observation_ns": 1790287109797338880, "completed_memory_version": 36, "superseded_requests": 0}
{"status": "mapping_snapshot_queued", "keyframe": 89, "latest_observation_ns": 1790287115035450624, "completed_memory_version": 37, "superseded_requests": 0}
{"status": "mapping_snapshot_queued", "keyframe": 90, "latest_observation_ns": 1790287120639570176, "completed_memory_version": 38, "superseded_requests": 0}
{"status": "mapping_snapshot_queued", "keyframe": 92, "latest_observation_ns": 1790287126411693312, "completed_memory_version": 40, "superseded_requests": 0}
{"status": "mapping_snapshot_queued", "keyframe": 94, "latest_observation_ns": 1790287131853809408, "completed_memory_version": 41, "superseded_requests": 0}
{"status": "mapping_snapshot_queued", "keyframe": 96, "latest_observation_ns": 1790287137157922560, "completed_memory_version": 43, "superseded_requests": 0}
{"status": "mapping_snapshot_queued", "keyframe": 98, "latest_observation_ns": 1790287142888044800, "completed_memory_version": 44, "superseded_requests": 0}
{"status": "mapping_snapshot_queued", "keyframe": 100, "latest_observation_ns": 1790287148336161024, "completed_memory_version": 45, "superseded_requests": 0}
{"status": "mapping_snapshot_queued", "keyframe": 102, "latest_observation_ns": 1790287153886279424, "completed_memory_version": 47, "superseded_requests": 0}
{"status": "mapping_snapshot_queued", "keyframe": 104, "latest_observation_ns": 1790287159595401216, "completed_memory_version": 48, "superseded_requests": 0}
{"status": "mapping_snapshot_queued", "keyframe": 106, "latest_observation_ns": 1790287164578507520, "completed_memory_version": 50, "superseded_requests": 0}
{"status": "mapping_snapshot_queued", "keyframe": 108, "latest_observation_ns": 1790287167305565696, "completed_memory_version": 50, "superseded_requests": 1}
{"status": "mapping_snapshot_queued", "keyframe": 111, "latest_observation_ns": 1790287172351673344, "completed_memory_version": 52, "superseded_requests": 1}
{"status": "mapping_snapshot_queued", "keyframe": 112, "latest_observation_ns": 1790287177586785024, "completed_memory_version": 53, "superseded_requests": 1}
{"status": "mapping_snapshot_queued", "keyframe": 114, "latest_observation_ns": 1790287184108924160, "completed_memory_version": 55, "superseded_requests": 1}
{"status": "mapping_snapshot_queued", "keyframe": 116, "latest_observation_ns": 1790287189503039232, "completed_memory_version": 56, "superseded_requests": 1}
{"status": "mapping_snapshot_queued", "keyframe": 120, "latest_observation_ns": 1790287194828152832, "completed_memory_version": 57, "superseded_requests": 1}
{"status": "live_observed_stream_reconstructed", "frames": 125, "memory_versions": 60, "elapsed_wall_seconds": 182.34956535394304, "peak_allocated_bytes": 8294482944, "peak_reserved_bytes": 10380902400, "metric_scale_established": false, "metric_scale_usable_frames": 0, "metric_uncertainty_calibrated": false, "live_async_execution": true, "foundation_passed": false, "tracking_initialized_frames": 80, "sampling_skipped_frames": 0, "current_pose_method": "past_anchor_pose_only", "coordinate_gauge": "causal_common_camera_similarity; arbitrary_scale", "gauge_changes": 1, "tracking_optimizer": "DSPO", "gauge_rejected_frames": 0, "empty_active_graph_frames": 0, "mapping_execution": "asynchronous_bounded_worker", "mapping_requests_superseded": 1}
