/upstream/splat/thirdparty/glorie_slam/motion_filter.py:48: FutureWarning: `torch.cuda.amp.autocast(args...)` is deprecated. Please use `torch.amp.autocast('cuda', args...)` instead.
  @torch.cuda.amp.autocast(enabled=True)
/upstream/splat/thirdparty/glorie_slam/motion_filter.py:54: FutureWarning: `torch.cuda.amp.autocast(args...)` is deprecated. Please use `torch.amp.autocast('cuda', args...)` instead.
  @torch.cuda.amp.autocast(enabled=True)
/upstream/splat/thirdparty/glorie_slam/motion_filter.py:59: FutureWarning: `torch.cuda.amp.autocast(args...)` is deprecated. Please use `torch.amp.autocast('cuda', args...)` instead.
  @torch.cuda.amp.autocast(enabled=True)
/upstream/splat/thirdparty/glorie_slam/factor_graph.py:109: FutureWarning: `torch.cuda.amp.autocast(args...)` is deprecated. Please use `torch.amp.autocast('cuda', args...)` instead.
  @torch.cuda.amp.autocast(enabled=True)
/upstream/splat/thirdparty/glorie_slam/factor_graph.py:159: FutureWarning: `torch.cuda.amp.autocast(args...)` is deprecated. Please use `torch.amp.autocast('cuda', args...)` instead.
  @torch.cuda.amp.autocast(enabled=True)
/upstream/splat/thirdparty/glorie_slam/factor_graph.py:187: FutureWarning: `torch.cuda.amp.autocast(args...)` is deprecated. Please use `torch.amp.autocast('cuda', args...)` instead.
  @torch.cuda.amp.autocast(enabled=True)
/upstream/splat/thirdparty/glorie_slam/factor_graph.py:226: FutureWarning: `torch.cuda.amp.autocast(args...)` is deprecated. Please use `torch.amp.autocast('cuda', args...)` instead.
  @torch.cuda.amp.autocast(enabled=True)
/upstream/splat/thirdparty/glorie_slam/factor_graph.py:273: FutureWarning: `torch.cuda.amp.autocast(args...)` is deprecated. Please use `torch.amp.autocast('cuda', args...)` instead.
  @torch.cuda.amp.autocast(enabled=False)
/usr/local/lib/python3.12/dist-packages/timm/models/layers/__init__.py:48: FutureWarning: Importing from timm.models.layers is deprecated, please import via timm.layers
  warnings.warn(f"Importing from {__name__} is deprecated, please import via timm.layers", FutureWarning)
/usr/local/lib/python3.12/dist-packages/timm/models/registry.py:4: FutureWarning: Importing from timm.models.registry is deprecated, please import via timm.models
  warnings.warn(f"Importing from {__name__} is deprecated, please import via timm.models", FutureWarning)
xFormers not available
xFormers not available
xFormers not available
xFormers not available
/upstream/splat/thirdparty/glorie_slam/factor_graph.py:145: FutureWarning: `torch.cuda.amp.autocast(args...)` is deprecated. Please use `torch.amp.autocast('cuda', args...)` instead.
  with torch.cuda.amp.autocast(enabled=False):
/upstream/splat/thirdparty/glorie_slam/factor_graph.py:232: FutureWarning: `torch.cuda.amp.autocast(args...)` is deprecated. Please use `torch.amp.autocast('cuda', args...)` instead.
  with torch.cuda.amp.autocast(enabled=False):
/upstream/splat/thirdparty/glorie_slam/factor_graph.py:246: FutureWarning: `torch.cuda.amp.autocast(args...)` is deprecated. Please use `torch.amp.autocast('cuda', args...)` instead.
  with torch.cuda.amp.autocast(enabled=False):
{"status": "mapping_snapshot_queued", "keyframe": 14, "latest_observation_ns": 1790287413223406592, "completed_memory_version": 0, "superseded_requests": 0}
{"status": "mapping_snapshot_queued", "keyframe": 16, "latest_observation_ns": 1790287416448475392, "completed_memory_version": 0, "superseded_requests": 0}
{"status": "mapping_snapshot_queued", "keyframe": 18, "latest_observation_ns": 1790287421767588864, "completed_memory_version": 5, "superseded_requests": 0}
{"status": "mapping_snapshot_queued", "keyframe": 19, "latest_observation_ns": 1790287427851718656, "completed_memory_version": 9, "superseded_requests": 0}
{"status": "mapping_snapshot_queued", "keyframe": 21, "latest_observation_ns": 1790287432789824000, "completed_memory_version": 12, "superseded_requests": 0}
{"status": "mapping_snapshot_queued", "keyframe": 23, "latest_observation_ns": 1790287439032957184, "completed_memory_version": 15, "superseded_requests": 0}
{"status": "mapping_snapshot_queued", "keyframe": 26, "latest_observation_ns": 1790287443878060544, "completed_memory_version": 17, "superseded_requests": 0}
{"status": "mapping_snapshot_queued", "keyframe": 30, "latest_observation_ns": 1790287448978169344, "completed_memory_version": 19, "superseded_requests": 0}
{"status": "mapping_snapshot_queued", "keyframe": 32, "latest_observation_ns": 1790287453964275712, "completed_memory_version": 20, "superseded_requests": 0}
{"status": "mapping_snapshot_queued", "keyframe": 34, "latest_observation_ns": 1790287459325390080, "completed_memory_version": 21, "superseded_requests": 0}
{"status": "mapping_snapshot_queued", "keyframe": 36, "latest_observation_ns": 1790287464671504128, "completed_memory_version": 23, "superseded_requests": 0}
{"status": "mapping_snapshot_queued", "keyframe": 38, "latest_observation_ns": 1790287469693611264, "completed_memory_version": 24, "superseded_requests": 0}
{"status": "mapping_snapshot_queued", "keyframe": 40, "latest_observation_ns": 1790287474979724032, "completed_memory_version": 26, "superseded_requests": 0}
/upstream/splat/thirdparty/glorie_slam/factor_graph.py:285: FutureWarning: `torch.cuda.amp.autocast(args...)` is deprecated. Please use `torch.amp.autocast('cuda', args...)` instead.
  with torch.cuda.amp.autocast(enabled=False):
/upstream/splat/thirdparty/glorie_slam/factor_graph.py:300: FutureWarning: `torch.cuda.amp.autocast(args...)` is deprecated. Please use `torch.amp.autocast('cuda', args...)` instead.
  with torch.cuda.amp.autocast(enabled=True):
{"status": "mapping_snapshot_queued", "keyframe": 42, "latest_observation_ns": 1790287480328838144, "completed_memory_version": 27, "superseded_requests": 0}
{"status": "mapping_snapshot_queued", "keyframe": 44, "latest_observation_ns": 1790287484879935232, "completed_memory_version": 28, "superseded_requests": 0}
{"status": "mapping_snapshot_queued", "keyframe": 46, "latest_observation_ns": 1790287489977043968, "completed_memory_version": 29, "superseded_requests": 0}
{"status": "mapping_snapshot_queued", "keyframe": 47, "latest_observation_ns": 1790287495152154368, "completed_memory_version": 31, "superseded_requests": 0}
{"status": "mapping_snapshot_queued", "keyframe": 49, "latest_observation_ns": 1790287500294264064, "completed_memory_version": 32, "superseded_requests": 0}
{"status": "mapping_snapshot_queued", "keyframe": 52, "latest_observation_ns": 1790287505598377216, "completed_memory_version": 34, "superseded_requests": 0}
{"status": "mapping_snapshot_queued", "keyframe": 54, "latest_observation_ns": 1790287511007492608, "completed_memory_version": 35, "superseded_requests": 0}
{"status": "mapping_snapshot_queued", "keyframe": 56, "latest_observation_ns": 1790287516449608704, "completed_memory_version": 36, "superseded_requests": 0}
{"status": "mapping_snapshot_queued", "keyframe": 58, "latest_observation_ns": 1790287522185731072, "completed_memory_version": 38, "superseded_requests": 0}
{"status": "mapping_snapshot_queued", "keyframe": 60, "latest_observation_ns": 1790287527000833792, "completed_memory_version": 39, "superseded_requests": 0}
{"status": "mapping_snapshot_queued", "keyframe": 62, "latest_observation_ns": 1790287533153965056, "completed_memory_version": 41, "superseded_requests": 0}
{"status": "mapping_snapshot_queued", "keyframe": 64, "latest_observation_ns": 1790287540042112000, "completed_memory_version": 43, "superseded_requests": 0}
{"status": "mapping_snapshot_queued", "keyframe": 67, "latest_observation_ns": 1790287547632273920, "completed_memory_version": 45, "superseded_requests": 0}
{"status": "mapping_snapshot_queued", "keyframe": 71, "latest_observation_ns": 1790287554175413504, "completed_memory_version": 47, "superseded_requests": 0}
{"status": "mapping_snapshot_queued", "keyframe": 76, "latest_observation_ns": 1790287556704467456, "completed_memory_version": 48, "superseded_requests": 0}
{"status": "mapping_snapshot_queued", "keyframe": 80, "latest_observation_ns": 1790287559389524736, "completed_memory_version": 49, "superseded_requests": 0}
{"status": "mapping_snapshot_queued", "keyframe": 81, "latest_observation_ns": 1790287565509655296, "completed_memory_version": 50, "superseded_requests": 0}
{"status": "mapping_snapshot_queued", "keyframe": 82, "latest_observation_ns": 1790287572376801792, "completed_memory_version": 52, "superseded_requests": 0}
{"status": "live_observed_stream_reconstructed", "frames": 103, "memory_versions": 57, "elapsed_wall_seconds": 181.4908541010227, "peak_allocated_bytes": 8294482944, "peak_reserved_bytes": 10796138496, "metric_scale_established": false, "metric_scale_usable_frames": 0, "metric_uncertainty_calibrated": false, "live_async_execution": true, "foundation_passed": false, "tracking_initialized_frames": 85, "sampling_skipped_frames": 0, "current_pose_method": "past_anchor_pose_only", "coordinate_gauge": "causal_common_camera_similarity; arbitrary_scale", "gauge_changes": 1, "tracking_optimizer": "DSPO", "gauge_rejected_frames": 0, "empty_active_graph_frames": 0, "mapping_execution": "asynchronous_bounded_worker", "mapping_requests_superseded": 0}
