/upstream/splat/thirdparty/glorie_slam/motion_filter.py:48: FutureWarning: `torch.cuda.amp.autocast(args...)` is deprecated. Please use `torch.amp.autocast('cuda', args...)` instead.
  @torch.cuda.amp.autocast(enabled=True)
/upstream/splat/thirdparty/glorie_slam/motion_filter.py:54: FutureWarning: `torch.cuda.amp.autocast(args...)` is deprecated. Please use `torch.amp.autocast('cuda', args...)` instead.
  @torch.cuda.amp.autocast(enabled=True)
/upstream/splat/thirdparty/glorie_slam/motion_filter.py:59: FutureWarning: `torch.cuda.amp.autocast(args...)` is deprecated. Please use `torch.amp.autocast('cuda', args...)` instead.
  @torch.cuda.amp.autocast(enabled=True)
/upstream/splat/thirdparty/glorie_slam/factor_graph.py:109: FutureWarning: `torch.cuda.amp.autocast(args...)` is deprecated. Please use `torch.amp.autocast('cuda', args...)` instead.
  @torch.cuda.amp.autocast(enabled=True)
/upstream/splat/thirdparty/glorie_slam/factor_graph.py:159: FutureWarning: `torch.cuda.amp.autocast(args...)` is deprecated. Please use `torch.amp.autocast('cuda', args...)` instead.
  @torch.cuda.amp.autocast(enabled=True)
/upstream/splat/thirdparty/glorie_slam/factor_graph.py:187: FutureWarning: `torch.cuda.amp.autocast(args...)` is deprecated. Please use `torch.amp.autocast('cuda', args...)` instead.
  @torch.cuda.amp.autocast(enabled=True)
/upstream/splat/thirdparty/glorie_slam/factor_graph.py:226: FutureWarning: `torch.cuda.amp.autocast(args...)` is deprecated. Please use `torch.amp.autocast('cuda', args...)` instead.
  @torch.cuda.amp.autocast(enabled=True)
/upstream/splat/thirdparty/glorie_slam/factor_graph.py:273: FutureWarning: `torch.cuda.amp.autocast(args...)` is deprecated. Please use `torch.amp.autocast('cuda', args...)` instead.
  @torch.cuda.amp.autocast(enabled=False)
/usr/local/lib/python3.12/dist-packages/timm/models/layers/__init__.py:48: FutureWarning: Importing from timm.models.layers is deprecated, please import via timm.layers
  warnings.warn(f"Importing from {__name__} is deprecated, please import via timm.layers", FutureWarning)
/usr/local/lib/python3.12/dist-packages/timm/models/registry.py:4: FutureWarning: Importing from timm.models.registry is deprecated, please import via timm.models
  warnings.warn(f"Importing from {__name__} is deprecated, please import via timm.models", FutureWarning)
xFormers not available
xFormers not available
xFormers not available
xFormers not available
/upstream/splat/thirdparty/glorie_slam/factor_graph.py:145: FutureWarning: `torch.cuda.amp.autocast(args...)` is deprecated. Please use `torch.amp.autocast('cuda', args...)` instead.
  with torch.cuda.amp.autocast(enabled=False):
/upstream/splat/thirdparty/glorie_slam/factor_graph.py:232: FutureWarning: `torch.cuda.amp.autocast(args...)` is deprecated. Please use `torch.amp.autocast('cuda', args...)` instead.
  with torch.cuda.amp.autocast(enabled=False):
/upstream/splat/thirdparty/glorie_slam/factor_graph.py:246: FutureWarning: `torch.cuda.amp.autocast(args...)` is deprecated. Please use `torch.amp.autocast('cuda', args...)` instead.
  with torch.cuda.amp.autocast(enabled=False):
{"status": "mapping_snapshot_queued", "keyframe": 36, "latest_observation_ns": 1790275544058052864, "completed_memory_version": 0, "superseded_requests": 0}
{"status": "mapping_snapshot_queued", "keyframe": 43, "latest_observation_ns": 1790275551249206272, "completed_memory_version": 6, "superseded_requests": 0}
{"status": "mapping_snapshot_queued", "keyframe": 63, "latest_observation_ns": 1790275554402273536, "completed_memory_version": 9, "superseded_requests": 0}
{"status": "mapping_snapshot_queued", "keyframe": 67, "latest_observation_ns": 1790275595176143360, "completed_memory_version": 38, "superseded_requests": 0}
{"status": "mapping_snapshot_queued", "keyframe": 68, "latest_observation_ns": 1790275598425212672, "completed_memory_version": 39, "superseded_requests": 0}
{"status": "mapping_snapshot_queued", "keyframe": 111, "latest_observation_ns": 1790275601623280896, "completed_memory_version": 41, "superseded_requests": 0}
{"status": "mapping_snapshot_queued", "keyframe": 112, "latest_observation_ns": 1790275628818861056, "completed_memory_version": 51, "superseded_requests": 0}
{"status": "mapping_snapshot_queued", "keyframe": 113, "latest_observation_ns": 1790275635359000576, "completed_memory_version": 53, "superseded_requests": 0}
{"status": "mapping_snapshot_queued", "keyframe": 144, "latest_observation_ns": 1790275640069101056, "completed_memory_version": 55, "superseded_requests": 0}
{"status": "mapping_snapshot_queued", "keyframe": 148, "latest_observation_ns": 1790275643849181696, "completed_memory_version": 56, "superseded_requests": 0}
{"status": "mapping_snapshot_queued", "keyframe": 151, "latest_observation_ns": 1790275669433727488, "completed_memory_version": 65, "superseded_requests": 0}
{"status": "mapping_snapshot_queued", "keyframe": 153, "latest_observation_ns": 1790275670876758272, "completed_memory_version": 66, "superseded_requests": 0}
{"status": "mapping_snapshot_queued", "keyframe": 179, "latest_observation_ns": 1790275679705946624, "completed_memory_version": 69, "superseded_requests": 0}
/upstream/splat/thirdparty/glorie_slam/factor_graph.py:285: FutureWarning: `torch.cuda.amp.autocast(args...)` is deprecated. Please use `torch.amp.autocast('cuda', args...)` instead.
  with torch.cuda.amp.autocast(enabled=False):
/upstream/splat/thirdparty/glorie_slam/factor_graph.py:300: FutureWarning: `torch.cuda.amp.autocast(args...)` is deprecated. Please use `torch.amp.autocast('cuda', args...)` instead.
  with torch.cuda.amp.autocast(enabled=True):
{"status": "mapping_snapshot_queued", "keyframe": 180, "latest_observation_ns": 1790275684353045760, "completed_memory_version": 71, "superseded_requests": 0}
{"status": "live_observed_stream_reconstructed", "frames": 205, "memory_versions": 78, "elapsed_wall_seconds": 181.75412606215104, "peak_allocated_bytes": 9626866688, "peak_reserved_bytes": 14560526336, "metric_scale_established": false, "metric_scale_usable_frames": 0, "metric_uncertainty_calibrated": false, "live_async_execution": true, "foundation_passed": false, "tracking_initialized_frames": 138, "sampling_skipped_frames": 0, "current_pose_method": "past_anchor_pose_only", "coordinate_gauge": "causal_common_camera_similarity; arbitrary_scale", "gauge_changes": 1, "tracking_optimizer": "DSPO", "gauge_rejected_frames": 0, "empty_active_graph_frames": 4, "mapping_execution": "asynchronous_bounded_worker", "mapping_requests_superseded": 0}
