
=============
== PyTorch ==
=============

NVIDIA Release 25.11 (build 231036168)
PyTorch Version 2.10.0a0+b558c98
Container image Copyright (c) 2025, NVIDIA CORPORATION & AFFILIATES. All rights reserved.
Copyright (c) 2014-2024 Facebook Inc.
Copyright (c) 2011-2014 Idiap Research Institute (Ronan Collobert)
Copyright (c) 2012-2014 Deepmind Technologies    (Koray Kavukcuoglu)
Copyright (c) 2011-2012 NEC Laboratories America (Koray Kavukcuoglu)
Copyright (c) 2011-2013 NYU                      (Clement Farabet)
Copyright (c) 2006-2010 NEC Laboratories America (Ronan Collobert, Leon Bottou, Iain Melvin, Jason Weston)
Copyright (c) 2006      Idiap Research Institute (Samy Bengio)
Copyright (c) 2001-2004 Idiap Research Institute (Ronan Collobert, Samy Bengio, Johnny Mariethoz)
Copyright (c) 2015      Google Inc.
Copyright (c) 2015      Yangqing Jia
Copyright (c) 2013-2016 The Caffe contributors
All rights reserved.

Various files include modifications (c) NVIDIA CORPORATION & AFFILIATES.  All rights reserved.

GOVERNING TERMS: The software and materials are governed by the NVIDIA Software License Agreement
(found at https://www.nvidia.com/en-us/agreements/enterprise-software/nvidia-software-license-agreement/)
and the Product-Specific Terms for NVIDIA AI Products
(found at https://www.nvidia.com/en-us/agreements/enterprise-software/product-specific-terms-for-ai-products/).

{"status": "completed", "accepted": false, "checkpoint_sha256": "6a023b03ee33748c372369c5282e806c100547e0cb4b60245c207e421395bf0e", "checkpoint_update": 250, "manifest_sha256": "948fad84c41a00a473f9cb6ba1e6c1744df5d3710f140784016d0b5700e701c9", "development_examples": 2000, "development_episodes": 27, "threshold": 0.5, "precision": 0.28856382978723405, "recall": 0.8930041152263375, "false_positive_rate": 0.30449630051223675, "confusion": {"tp": 217, "fp": 535, "fn": 26, "tn": 1222}, "brier_score": 0.2502726008869722, "calibration_bins": [{"lower": 0.0, "upper": 0.1, "count": 1138, "confidence": 0.0043738531614407545, "accuracy": 0.016695957820738138}, {"lower": 0.1, "upper": 0.2, "count": 35, "confidence": 0.14349688312837056, "accuracy": 0.05714285714285714}, {"lower": 0.2, "upper": 0.3, "count": 20, "confidence": 0.24987973049283027, "accuracy": 0.1}, {"lower": 0.3, "upper": 0.4, "count": 31, "confidence": 0.34822405826660896, "accuracy": 0.0967741935483871}, {"lower": 0.4, "upper": 0.5, "count": 24, "confidence": 0.4412116805712382, "accuracy": 0.0}, {"lower": 0.5, "upper": 0.6, "count": 25, "confidence": 0.5519301342964172, "accuracy": 0.12}, {"lower": 0.6, "upper": 0.7, "count": 23, "confidence": 0.6486473472222037, "accuracy": 0.043478260869565216}, {"lower": 0.7, "upper": 0.8, "count": 27, "confidence": 0.7544108739605656, "accuracy": 0.0}, {"lower": 0.8, "upper": 0.9, "count": 53, "confidence": 0.8619704876305923, "accuracy": 0.05660377358490566}, {"lower": 0.9, "upper": 1.0, "count": 624, "confidence": 0.9839349798858166, "accuracy": 0.33653846153846156}], "expected_calibration_error": 0.26508633299761597, "time_mae_seconds": 18.798734239265972, "time_supervision": "remaining time on successful demonstration; not optimal time-to-goal", "limitations": ["Development includes aligned boundary negatives; visually similar negative mining is separate", "Operational stopping precision and complete-flight acceptance not established"]}
