
=============
== PyTorch ==
=============

NVIDIA Release 25.11 (build 231036168)
PyTorch Version 2.10.0a0+b558c98
Container image Copyright (c) 2025, NVIDIA CORPORATION & AFFILIATES. All rights reserved.
Copyright (c) 2014-2024 Facebook Inc.
Copyright (c) 2011-2014 Idiap Research Institute (Ronan Collobert)
Copyright (c) 2012-2014 Deepmind Technologies    (Koray Kavukcuoglu)
Copyright (c) 2011-2012 NEC Laboratories America (Koray Kavukcuoglu)
Copyright (c) 2011-2013 NYU                      (Clement Farabet)
Copyright (c) 2006-2010 NEC Laboratories America (Ronan Collobert, Leon Bottou, Iain Melvin, Jason Weston)
Copyright (c) 2006      Idiap Research Institute (Samy Bengio)
Copyright (c) 2001-2004 Idiap Research Institute (Ronan Collobert, Samy Bengio, Johnny Mariethoz)
Copyright (c) 2015      Google Inc.
Copyright (c) 2015      Yangqing Jia
Copyright (c) 2013-2016 The Caffe contributors
All rights reserved.

Various files include modifications (c) NVIDIA CORPORATION & AFFILIATES.  All rights reserved.

GOVERNING TERMS: The software and materials are governed by the NVIDIA Software License Agreement
(found at https://www.nvidia.com/en-us/agreements/enterprise-software/nvidia-software-license-agreement/)
and the Product-Specific Terms for NVIDIA AI Products
(found at https://www.nvidia.com/en-us/agreements/enterprise-software/product-specific-terms-for-ai-products/).

{"status": "completed", "accepted": false, "checkpoint_sha256": "135aff99bf25f1faee24fc5737e572f1f19cf1fa3ce52972e4656bb046e9db0a", "checkpoint_update": 3500, "manifest_sha256": "c0eab34c715f4b6269247bed18a18a03b49d2ce1c83d0168db586a496633fe2f", "development_examples": 2628, "development_episodes": 27, "development_goal_captures": 36, "threshold": 0.5, "precision": 0.37538461538461537, "recall": 0.5020576131687243, "false_positive_rate": 0.08511530398322852, "confusion": {"tp": 122, "fp": 203, "fn": 121, "tn": 2182}, "stopping_thresholds": [{"threshold": 0.9, "true_stops": 0, "false_stops": 0, "precision": null, "recall": 0.0}, {"threshold": 0.95, "true_stops": 0, "false_stops": 0, "precision": null, "recall": 0.0}, {"threshold": 0.99, "true_stops": 0, "false_stops": 0, "precision": null, "recall": 0.0}], "brier_score": 0.08722631154035868, "calibration_bins": [{"lower": 0.0, "upper": 0.1, "count": 1563, "confidence": 0.01728217031245709, "accuracy": 0.023032629558541268}, {"lower": 0.1, "upper": 0.2, "count": 243, "confidence": 0.14649858684451492, "accuracy": 0.07818930041152264}, {"lower": 0.2, "upper": 0.3, "count": 173, "confidence": 0.24809108028522117, "accuracy": 0.06358381502890173}, {"lower": 0.3, "upper": 0.4, "count": 160, "confidence": 0.3469306197017431, "accuracy": 0.09375}, {"lower": 0.4, "upper": 0.5, "count": 164, "confidence": 0.44987053624013573, "accuracy": 0.24390243902439024}, {"lower": 0.5, "upper": 0.6, "count": 128, "confidence": 0.549160344991833, "accuracy": 0.3359375}, {"lower": 0.6, "upper": 0.7, "count": 136, "confidence": 0.6438576697426683, "accuracy": 0.4411764705882353}, {"lower": 0.7, "upper": 0.8, "count": 52, "confidence": 0.7394953415944026, "accuracy": 0.3076923076923077}, {"lower": 0.8, "upper": 0.9, "count": 9, "confidence": 0.8158366547690498, "accuracy": 0.3333333333333333}, {"lower": 0.9, "upper": 1.0, "count": 0, "confidence": null, "accuracy": null}], "expected_calibration_error": 0.08122070140397222, "time_mae_seconds": 18.1467907043605, "time_supervision": "remaining time on successful demonstration; not optimal time-to-goal", "limitations": ["Development includes aligned boundary negatives; visually similar negative mining is separate", "Operational stopping precision and complete-flight acceptance not established"]}
